[INFO] Scanning for projects...
[INFO] 
[INFO] -------------------< com.sustainableisland:backend >--------------------
[INFO] Building backend 0.0.1-SNAPSHOT
[INFO]   from pom.xml
[INFO] --------------------------------[ jar ]---------------------------------
[INFO] 
[INFO] --- clean:3.5.0:clean (default-clean) @ backend ---
[INFO] Deleting C:\Users\JuanAntonio\Desktop\Sustainable-Island---Las-Palmas\backend\target
[INFO] 
[INFO] --- resources:3.3.1:resources (default-resources) @ backend ---
[INFO] Copying 1 resource from src\main\resources to target\classes
[INFO] Copying 1 resource from src\main\resources to target\classes
[INFO] 
[INFO] --- compiler:3.14.1:compile (default-compile) @ backend ---
[INFO] Recompiling the module because of changed source code.
[INFO] Compiling 19 source files with javac [debug parameters release 17] to target\classes
[INFO] -------------------------------------------------------------
[ERROR] COMPILATION ERROR : 
[INFO] -------------------------------------------------------------
[ERROR] /C:/Users/JuanAntonio/Desktop/Sustainable-Island---Las-Palmas/backend/src/main/java/com/sustainableisland/seazen/SeaZen.java:[5,53] package org.springframework.boot.autoconfigure.domain does not exist
[ERROR] /C:/Users/JuanAntonio/Desktop/Sustainable-Island---Las-Palmas/backend/src/main/java/com/sustainableisland/seazen/SeaZen.java:[12,2] cannot find symbol
  symbol: class EntityScan
[INFO] 2 errors 
[INFO] -------------------------------------------------------------
[INFO] ------------------------------------------------------------------------
[INFO] BUILD FAILURE
[INFO] ------------------------------------------------------------------------
[INFO] Total time:  2.412 s
[INFO] Finished at: 2026-03-04T14:34:34+01:00
[INFO] ------------------------------------------------------------------------
[ERROR] Failed to execute goal org.apache.maven.plugins:maven-compiler-plugin:3.14.1:compile (default-compile) on project backend: Compilation failure: Compilation failure: 
[ERROR] /C:/Users/JuanAntonio/Desktop/Sustainable-Island---Las-Palmas/backend/src/main/java/com/sustainableisland/seazen/SeaZen.java:[5,53] package org.springframework.boot.autoconfigure.domain does not exist
[ERROR] /C:/Users/JuanAntonio/Desktop/Sustainable-Island---Las-Palmas/backend/src/main/java/com/sustainableisland/seazen/SeaZen.java:[12,2] cannot find symbol
[ERROR]   symbol: class EntityScan
[ERROR] -> [Help 1]
[ERROR] 
[ERROR] To see the full stack trace of the errors, re-run Maven with the -e switch.
[ERROR] Re-run Maven using the -X switch to enable full debug logging.
[ERROR] 
[ERROR] For more information about the errors and possible solutions, please read the following articles:
[ERROR] [Help 1] http://cwiki.apache.org/confluence/display/MAVEN/MojoFailureException
